// Jest Snapshot v1, https://goo.gl/fbAQLP

exports[`Card renders correctly 1`] = `
<DocumentFragment>
  .emotion-0 {
  width: 110px;
  height: 180px;
  border-radius: 2px;
  border: 1px solid #000;
}

.emotion-1 {
  font-size: 18px;
}

.emotion-2 {
  font-size: 14px;
}

<button
    aria-label="Карта Test"
    class="emotion-0"
  >
    <div
      class="emotion-1"
    >
      Test
    </div>
    <div
      class="emotion-2"
    >
      Сила: 10
    </div>
    <div
      class="emotion-2"
    >
      Защита: 20
    </div>
    <div
      class="emotion-2"
    >
      Класс: magician
    </div>
  </button>
</DocumentFragment>
`;
